
> lux-hair-suite@0.1.0 build
> next build

   Γû▓ Next.js 15.1.7
   - Environments: .env.local

   Creating an optimized production build ...
 Γ£ô Compiled successfully
   Linting and checking validity of types ...
node.exe : Failed to 
compile.
At line:1 char:1
+ & "C:\Program 
Files\nodejs/node.exe" 
"C:\Program 
Files\nodejs/node_mo ...
+ ~~~~~~~~~~~~~~~~~~~~~~~~~
~~~~~~~~~~~~~~~~~~~~~~~~~~~
~~~~~~~~~~~~~~~~~
    + CategoryInfo         
     : NotSpecified    : 
(Failed to compil    
e.:String) [], Remo    
teException
    + FullyQualifiedErr    
orId : NativeComman    
dError
 

./src/app/admin/editor/page
.tsx:47:32
Type error: Argument of 
type 'SiteMetadata' is not 
assignable to parameter of 
type 'Record<string, 
string>'.
  'string' index 
signatures are 
incompatible.
    Type 'string | 
undefined' is not 
assignable to type 
'string'.
      Type 'undefined' is 
not assignable to type 
'string'.

[0m [90m 45 |[39m     se
tIsSaving([36mtrue[39m)[
33m;[39m[0m
[0m [90m 46 |[39m     
[36mtry[39m {[0m
[0m[31m[1m>[22m[39m[9
0m 47 |[39m       
[36mawait[39m updateSiteM
etadata(metadata)[33m;[39
m[0m
[0m [90m    |[39m       
                         
[31m[1m^[22m[39m[0m
[0m [90m 48 |[39m       
alert([32m"Changes saved s
uccessfully!"[39m)[33m;[
39m[0m
[0m [90m 49 |[39m     } 
[36mcatch[39m (error) 
{[0m
[0m [90m 50 |[39m       
console[33m.[39merror([3
2m"Error saving 
metadata:"[39m[33m,[39m 
error)[33m;[39m[0m
Next.js build worker 
exited with code: 1 and 
signal: null
